--- START ---
Mocked bindEvents
DOM: Added class [active] to element [game-screen]
Mocked updateAll
node : evalmachine.<anonymo
us>:667
At line:1 char:1
+ node test_flow.js > test_
output.log 2>&1
+ ~~~~~~~~~~~~~~~~~~~~~~~~~
~~~~~~~~~~~~~~~
    + CategoryInfo         
     : NotSpecified: (eva  
  lmachine.<anonymous>:6   
 67:String) [], RemoteE    
xception
    + FullyQualifiedErrorI 
   d : NativeCommandError
 
    c.appendChild(t);
      ^

TypeError: c.appendChild is
 not a function
    at UIRenderer.toast (ev
almachine.<anonymous>:667:7
)
    at Game.startGame (eval
machine.<anonymous>:915:13)
    at Object.<anonymous> (
C:\Users\husey\.gemini\anti
gravity\playground\harmonic
-horizon\test_flow.js:51:3)
    at Module._compile (nod
e:internal/modules/cjs/load
er:1804:14)
    at Object..js (node:int
ernal/modules/cjs/loader:19
36:10)
    at Module.load (node:in
ternal/modules/cjs/loader:1
525:32)
    at Module._load (node:i
nternal/modules/cjs/loader:
1327:12)
    at TracingChannel.trace
Sync (node:diagnostics_chan
nel:328:14)
    at wrapModuleLoad (node
:internal/modules/cjs/loade
r:245:24)
    at Module.executeUserEn
tryPoint [as runMain] (node
:internal/modules/run_main:
154:5)

Node.js v24.13.1
